{
  "timestamp": "2025-06-17T10:56:42.702Z",
  "event": "batch_start",
  "config": {
    "inputDir": "./FinalAllSummaries",
    "outputDir": "./Audio/output",
    "logDir": "./Audio/logs",
    "voice": "nova",
    "speed": 1,
    "format": "mp3",
    "maxChunkLength": 4000,
    "combineAudio": false,
    "skipExisting": true,
    "concurrency": 1,
    "maxWordsPerChunk": 400,
    "addSilenceBetweenSections": 1.5,
    "fadeIn": 0.2,
    "fadeOut": 0.2,
    "optimizeText": true,
    "generateSSML": false,
    "delayBetweenRequests": 1000,
    "delayBetweenChapters": 2000,
    "delayBetweenBooks": 5000,
    "batchOptimizationConcurrency": 3,
    "maxRetries": 3,
    "retryDelay": 5000,
    "continueOnError": true,
    "verboseLogging": true,
    "saveProcessingReports": true,
    "audioQuality": {
      "bitrate": "128k",
      "sampleRate": 22050,
      "channels": 1
    }
  },
  "totalBooks": 1928
}
